New file created .log extention
